// Jest Snapshot v1, https://goo.gl/fbAQLP

exports[`Tests for <RealExampleRef /> component It should render component correctly 1`] = `
<div>
  <h1>
    RealExampleRef
  </h1>
  <hr />
  <button
    className="btn btn-primary mt-4"
    onClick={[Function]}
  >
    Show / Hide
  </button>
</div>
`;
